ASxxxx Linker V03.00 + NoICE + sdld,  page 1.
Hexadecimal  [32-Bits]

Area                                    Addr        Size        Decimal Bytes (Attributes)
--------------------------------        ----        ----        ------- ----- ------------
CABS                                00000000    00000000 =           0. bytes (ABS,CON,CODE)

      Value  Global                              Global Defined In Module
      -----  --------------------------------   ------------------------
C:   00000000  l_BIT_BANK                      
C:   00000000  l_BSEG                          
C:   00000000  l_BSEG_BYTES                    
C:   00000000  l_CABS                          
C:   00000000  l_CONST                         
C:   00000000  l_GSINIT                        
C:   00000000  l_GSINIT1                       
C:   00000000  l_GSINIT5                       
C:   00000000  l_IABS                          
C:   00000000  l_ISEG                          
C:   00000000  l_PSEG                          
C:   00000000  l_REG_BANK_1                    
C:   00000000  l_REG_BANK_2                    
C:   00000000  l_REG_BANK_3                    
C:   00000000  l_RSEG                          
C:   00000000  l_RSEG0                         
C:   00000000  l_RSEG1                         
C:   00000000  l_XABS                          
C:   00000000  l_XINIT                         
C:   00000000  l_XISEG                         
C:   00000000  l_XSEG                          
C:   00000000  l__CODE                         
C:   00000000  s_BSEG                          
C:   00000000  s_CABS                          
C:   00000000  s_DSEG                          
C:   00000000  s_HOME                          
C:   00000000  s_IABS                          
C:   00000000  s_ISEG                          
C:   00000000  s_REG_BANK_0                    
C:   00000000  s_RSEG                          
C:   00000000  s_RSEG0                         
C:   00000000  s_RSEG1                         
C:   00000000  s_XABS                          
C:   00000001  s_PSEG                          
C:   00000001  s_XISEG                         
C:   00000001  s_XSEG                          
C:   00000003  l_GSFINAL                       
C:   00000003  l_GSINIT0                       
C:   00000004  l_OSEG                          
C:   00000006  l_HOME                          
C:   00000006  s_GSINIT0                       
C:   00000008  l_REG_BANK_0                    
C:   00000008  s_OSEG                          
C:   00000008  s_REG_BANK_1                    
C:   00000009  s_GSINIT1                       
C:   00000009  s_GSINIT2                       
C:   0000000A  l_GSINIT2                       
C:   0000000C  s_SSEG                          
C:   00000010  s_REG_BANK_2                    
C:   00000013  s_GSINIT3                       
ASxxxx Linker V03.00 + NoICE + sdld,  page 2.
Hexadecimal  [32-Bits]

Area                                    Addr        Size        Decimal Bytes (Attributes)
--------------------------------        ----        ----        ------- ----- ------------
CABS                                00000000    00000000 =           0. bytes (ABS,CON,CODE)

      Value  Global                              Global Defined In Module
      -----  --------------------------------   ------------------------
C:   00000018  s_BIT_BANK                      
C:   00000018  s_REG_BANK_3                    
C:   00000020  s_BSEG_BYTES                    
C:   00000020  s__CODE                         
C:   00000022  l_GSINIT3                       
C:   0000002A  l_GSINIT4                       
C:   00000035  s_GSINIT4                       
C:   0000005F  s_GSFINAL                       
C:   0000005F  s_GSINIT                        
C:   0000005F  s_GSINIT5                       
C:   00000062  s_CSEG                          
C:   00000080  l_DSEG                          
C:   000000D1  l_CSEG                          
C:   000000F4  l_SSEG                          
C:   00000100  l_IRAM                          
C:   00000133  s_CONST                         
C:   00000133  s_XINIT                         

ASxxxx Linker V03.00 + NoICE + sdld,  page 3.
Hexadecimal  [32-Bits]

Area                                    Addr        Size        Decimal Bytes (Attributes)
--------------------------------        ----        ----        ------- ----- ------------
.  .ABS.                            00000000    00000000 =           0. bytes (ABS,CON)

      Value  Global                              Global Defined In Module
      -----  --------------------------------   ------------------------
     00000000  .__.ABS.                           _startup
     00000080  _ADC_CHAN0                         main
     00000080  _ADC_CTRL                          main
     00000081  _ADC_CHAN1                         main
     00000081  _SP                                main
     00000082  _DPL                               main
     00000083  _CMP_CHAN                          main
     00000083  _DPH                               main
     00000084  _ADC_START                         main
     00000084  _ROM_ADDR_L                        main
     00000085  _ADC_IF                            main
     00000085  _ROM_ADDR_H                        main
     00000086  _CMP_IF                            main
     00000086  _ROM_CTRL                          main
     00000087  _CMPO                              main
     00000087  _PCON                              main
     00000088  _IT0                               main
     00000088  _TCON                              main
     00000089  _IE0                               main
     00000089  _TMOD                              main
     0000008A  _IT1                               main
     0000008A  _TL0                               main
     0000008B  _IE1                               main
     0000008B  _TL1                               main
     0000008C  _TH0                               main
     0000008C  _TR0                               main
     0000008D  _TF0                               main
     0000008D  _TH1                               main
     0000008E  _ROM_DATA_L                        main
     0000008E  _TR1                               main
     0000008F  _ROM_DATA_H                        main
     0000008F  _TF1                               main
     00000090  _CAP1                              main
     00000090  _P1                                main
     00000090  _T2                                main
     00000090  _TIN0                              main
     00000091  _AIN0                              main
     00000091  _CAP2                              main
     00000091  _T2EX                              main
     00000091  _TIN1                              main
     00000091  _USB_C_CTRL                        main
     00000091  _VBUS2                             main
     00000092  _P1_MOD_OC                         main
     00000092  _RXD_                              main
     00000093  _P1_DIR_PU                         main
     00000093  _TXD_                              main
     00000094  _AIN1                              main
     00000094  _CAP1_                             main
     00000094  _SCS                               main
     00000094  _T2_                               main
ASxxxx Linker V03.00 + NoICE + sdld,  page 4.
Hexadecimal  [32-Bits]

Area                                    Addr        Size        Decimal Bytes (Attributes)
--------------------------------        ----        ----        ------- ----- ------------
.  .ABS.                            00000000    00000000 =           0. bytes (ABS,CON)

      Value  Global                              Global Defined In Module
      -----  --------------------------------   ------------------------
     00000094  _TIN2                              main
     00000094  _UCC1                              main
     00000095  _AIN2                              main
     00000095  _MOSI                              main
     00000095  _PWM1                              main
     00000095  _TIN3                              main
     00000095  _UCC2                              main
     00000096  _MISO                              main
     00000096  _P3_MOD_OC                         main
     00000096  _RXD1                              main
     00000096  _TIN4                              main
     00000097  _P3_DIR_PU                         main
     00000097  _SCK                               main
     00000097  _TIN5                              main
     00000097  _TXD1                              main
     00000098  _RI                                main
     00000098  _SCON                              main
     00000099  _SBUF                              main
     00000099  _TI                                main
     0000009A  _ADC_CFG                           main
     0000009A  _RB8                               main
     0000009B  _PWM_DATA2                         main
     0000009B  _TB8                               main
     0000009C  _PWM_DATA1                         main
     0000009C  _REN                               main
     0000009D  _PWM_CTRL                          main
     0000009D  _SM2                               main
     0000009E  _PWM_CK_SE                         main
     0000009E  _SM1                               main
     0000009F  _ADC_DATA                          main
     0000009F  _SM0                               main
     000000A0  _P2                                main
     000000A0  __XPAGE                            
     000000A1  _SAFE_MOD                          main
     000000A2  _XBUS_AUX                          main
     000000A8  _EX0                               main
     000000A8  _IE                                main
     000000A9  _ET0                               main
     000000A9  _WAKE_CTRL                         main
     000000AA  _EX1                               main
     000000AB  _ET1                               main
     000000AC  _ES                                main
     000000AD  _ET2                               main
     000000AE  _E_DIS                             main
     000000AF  _EA                                main
     000000B0  _P3                                main
     000000B0  _PWM1_                             main
     000000B0  _RXD                               main
     000000B1  _GLOBAL_CFG                        main
     000000B1  _PWM2_                             main
     000000B1  _TXD                               main
ASxxxx Linker V03.00 + NoICE + sdld,  page 5.
Hexadecimal  [32-Bits]

Area                                    Addr        Size        Decimal Bytes (Attributes)
--------------------------------        ----        ----        ------- ----- ------------
.  .ABS.                            00000000    00000000 =           0. bytes (ABS,CON)

      Value  Global                              Global Defined In Module
      -----  --------------------------------   ------------------------
     000000B2  _AIN3                              main
     000000B2  _INT0                              main
     000000B2  _TXD1_                             main
     000000B2  _VBUS1                             main
     000000B3  _INT1                              main
     000000B4  _PWM2                              main
     000000B4  _RXD1_                             main
     000000B4  _T0                                main
     000000B5  _T1                                main
     000000B6  _UDP                               main
     000000B7  _UDM                               main
     000000B8  _IP                                main
     000000B8  _PX0                               main
     000000B9  _CLOCK_CFG                         main
     000000B9  _PT0                               main
     000000BA  _PX1                               main
     000000BB  _PT1                               main
     000000BC  _PS                                main
     000000BD  _PT2                               main
     000000BE  _PL_FLAG                           main
     000000BF  _PH_FLAG                           main
     000000C0  _SCON1                             main
     000000C0  _U1RI                              main
     000000C1  _SBUF1                             main
     000000C1  _U1TI                              main
     000000C2  _SBAUD1                            main
     000000C2  _U1RB8                             main
     000000C3  _TKEY_CTRL                         main
     000000C3  _U1TB8                             main
     000000C4  _TKEY_DATL                         main
     000000C4  _U1REN                             main
     000000C5  _TKEY_DATH                         main
     000000C5  _U1SMOD                            main
     000000C6  _PIN_FUNC                          main
     000000C7  _GPIO_IE                           main
     000000C7  _U1SM0                             main
     000000C8  _CP_RL2                            main
     000000C8  _T2CON                             main
     000000C9  _C_T2                              main
     000000C9  _T2MOD                             main
     000000CA  _RCAP2L                            main
     000000CA  _TR2                               main
     000000CB  _EXEN2                             main
     000000CB  _RCAP2H                            main
     000000CC  _TCLK                              main
     000000CC  _TL2                               main
     000000CD  _RCLK                              main
     000000CD  _TH2                               main
     000000CE  _EXF2                              main
     000000CE  _T2CAP1L                           main
     000000CF  _CAP1F                             main
ASxxxx Linker V03.00 + NoICE + sdld,  page 6.
Hexadecimal  [32-Bits]

Area                                    Addr        Size        Decimal Bytes (Attributes)
--------------------------------        ----        ----        ------- ----- ------------
.  .ABS.                            00000000    00000000 =           0. bytes (ABS,CON)

      Value  Global                              Global Defined In Module
      -----  --------------------------------   ------------------------
     000000CF  _T2CAP1H                           main
     000000CF  _TF2                               main
     000000D0  _P                                 main
     000000D0  _PSW                               main
     000000D1  _F1                                main
     000000D1  _UDEV_CTRL                         main
     000000D2  _OV                                main
     000000D2  _UEP1_CTRL                         main
     000000D3  _RS0                               main
     000000D3  _UEP1_T_LEN                        main
     000000D4  _RS1                               main
     000000D4  _UEP2_CTRL                         main
     000000D5  _F0                                main
     000000D5  _UEP2_T_LEN                        main
     000000D6  _AC                                main
     000000D6  _UEP3_CTRL                         main
     000000D7  _CY                                main
     000000D7  _UEP3_T_LEN                        main
     000000D8  _UIF_BUS_RST                       main
     000000D8  _USB_INT_FG                        main
     000000D9  _UIF_TRANSFER                      main
     000000D9  _USB_INT_ST                        main
     000000DA  _UIF_SUSPEND                       main
     000000DA  _USB_MIS_ST                        main
     000000DB  _USB_RX_LEN                        main
     000000DC  _UEP0_CTRL                         main
     000000DC  _UIF_FIFO_OV                       main
     000000DD  _UEP0_T_LEN                        main
     000000DD  _U_SIE_FREE                        main
     000000DE  _UEP4_CTRL                         main
     000000DE  _U_TOG_OK                          main
     000000DF  _UEP4_T_LEN                        main
     000000DF  _U_IS_NAK                          main
     000000E0  _ACC                               main
     000000E1  _USB_INT_EN                        main
     000000E2  _USB_CTRL                          main
     000000E3  _USB_DEV_AD                        main
     000000E4  _UEP2_DMA_L                        main
     000000E5  _UEP2_DMA_H                        main
     000000E6  _UEP3_DMA_L                        main
     000000E7  _UEP3_DMA_H                        main
     000000E8  _IE_EX                             main
     000000E8  _IE_SPI0                           main
     000000E9  _IE_TKEY                           main
     000000E9  _IP_EX                             main
     000000EA  _IE_USB                            main
     000000EA  _UEP4_1_MOD                        main
     000000EB  _IE_ADC                            main
     000000EB  _UEP2_3_MOD                        main
     000000EC  _IE_UART1                          main
     000000EC  _UEP0_DMA_L                        main
ASxxxx Linker V03.00 + NoICE + sdld,  page 7.
Hexadecimal  [32-Bits]

Area                                    Addr        Size        Decimal Bytes (Attributes)
--------------------------------        ----        ----        ------- ----- ------------
.  .ABS.                            00000000    00000000 =           0. bytes (ABS,CON)

      Value  Global                              Global Defined In Module
      -----  --------------------------------   ------------------------
     000000ED  _IE_PWMX                           main
     000000ED  _UEP0_DMA_H                        main
     000000EE  _IE_GPIO                           main
     000000EE  _UEP1_DMA_L                        main
     000000EF  _IE_WDOG                           main
     000000EF  _UEP1_DMA_H                        main
     000000F0  _B                                 main
     000000F8  _S0_R_FIFO                         main
     000000F8  _SPI0_STAT                         main
     000000F9  _SPI0_DATA                         main
     000000FA  _S0_T_FIFO                         main
     000000FA  _SPI0_CTRL                         main
     000000FB  _S0_FREE                           main
     000000FB  _SPI0_CK_SE                        main
     000000FC  _S0_IF_BYTE                        main
     000000FC  _SPI0_SETUP                        main
     000000FD  _S0_IF_FIRST                       main
     000000FE  _RESET_KEEP                        main
     000000FE  _S0_IF_OV                          main
     000000FF  _S0_FST_ACT                        main
     000000FF  _WDOG_COUNT                        main
     00008584  _ROM_ADDR                          main
     00008F8E  _ROM_DATA                          main
     0000C5C4  _TKEY_DAT                          main
     0000CBCA  _RCAP2                             main
     0000CDCC  _T2COUNT                           main
     0000CFCE  _T2CAP1                            main
     0000E5E4  _UEP2_DMA                          main
     0000E7E6  _UEP3_DMA                          main
     0000EDEC  _UEP0_DMA                          main
     0000EFEE  _UEP1_DMA                          main
ASxxxx Linker V03.00 + NoICE + sdld,  page 8.
Hexadecimal  [32-Bits]

Area                                    Addr        Size        Decimal Bytes (Attributes)
--------------------------------        ----        ----        ------- ----- ------------
REG_BANK_0                          00000000    00000008 =           8. bytes (REL,OVR)

      Value  Global                              Global Defined In Module
      -----  --------------------------------   ------------------------
ASxxxx Linker V03.00 + NoICE + sdld,  page 9.
Hexadecimal  [32-Bits]

Area                                    Addr        Size        Decimal Bytes (Attributes)
--------------------------------        ----        ----        ------- ----- ------------
DSEG                                00000000    00000080 =         128. bytes (REL,CON)

      Value  Global                              Global Defined In Module
      -----  --------------------------------   ------------------------
ASxxxx Linker V03.00 + NoICE + sdld,  page 10.
Hexadecimal  [32-Bits]

Area                                    Addr        Size        Decimal Bytes (Attributes)
--------------------------------        ----        ----        ------- ----- ------------
OSEG                                00000008    00000004 =           4. bytes (REL,OVR)

      Value  Global                              Global Defined In Module
      -----  --------------------------------   ------------------------
     00000008  __mullong_PARM_2                   _mullong

ASxxxx Linker V03.00 + NoICE + sdld,  page 11.
Hexadecimal  [32-Bits]

Area                                    Addr        Size        Decimal Bytes (Attributes)
--------------------------------        ----        ----        ------- ----- ------------
SSEG                                0000000C    000000F4 =         244. bytes (REL,OVR)

      Value  Global                              Global Defined In Module
      -----  --------------------------------   ------------------------
     0000000C  __start__stack                     main

ASxxxx Linker V03.00 + NoICE + sdld,  page 12.
Hexadecimal  [32-Bits]

Area                                    Addr        Size        Decimal Bytes (Attributes)
--------------------------------        ----        ----        ------- ----- ------------
HOME                                00000000    00000006 =           6. bytes (REL,CON,CODE)

      Value  Global                              Global Defined In Module
      -----  --------------------------------   ------------------------
C:   00000003  __sdcc_program_startup             main

ASxxxx Linker V03.00 + NoICE + sdld,  page 13.
Hexadecimal  [32-Bits]

Area                                    Addr        Size        Decimal Bytes (Attributes)
--------------------------------        ----        ----        ------- ----- ------------
GSINIT0                             00000006    00000003 =           3. bytes (REL,CON,CODE)

      Value  Global                              Global Defined In Module
      -----  --------------------------------   ------------------------
C:   00000006  __sdcc_gsinit_startup              

ASxxxx Linker V03.00 + NoICE + sdld,  page 14.
Hexadecimal  [32-Bits]

Area                                    Addr        Size        Decimal Bytes (Attributes)
--------------------------------        ----        ----        ------- ----- ------------
GSINIT2                             00000009    0000000A =          10. bytes (REL,CON,CODE)

      Value  Global                              Global Defined In Module
      -----  --------------------------------   ------------------------
ASxxxx Linker V03.00 + NoICE + sdld,  page 15.
Hexadecimal  [32-Bits]

Area                                    Addr        Size        Decimal Bytes (Attributes)
--------------------------------        ----        ----        ------- ----- ------------
GSINIT3                             00000013    00000022 =          34. bytes (REL,CON,CODE)

      Value  Global                              Global Defined In Module
      -----  --------------------------------   ------------------------
C:   00000013  __mcs51_genXINIT                   

ASxxxx Linker V03.00 + NoICE + sdld,  page 16.
Hexadecimal  [32-Bits]

Area                                    Addr        Size        Decimal Bytes (Attributes)
--------------------------------        ----        ----        ------- ----- ------------
GSINIT4                             00000035    0000002A =          42. bytes (REL,CON,CODE)

      Value  Global                              Global Defined In Module
      -----  --------------------------------   ------------------------
C:   00000035  __mcs51_genRAMCLEAR                
C:   0000003B  __mcs51_genXRAMCLEAR               

ASxxxx Linker V03.00 + NoICE + sdld,  page 17.
Hexadecimal  [32-Bits]

Area                                    Addr        Size        Decimal Bytes (Attributes)
--------------------------------        ----        ----        ------- ----- ------------
GSFINAL                             0000005F    00000003 =           3. bytes (REL,CON,CODE)

      Value  Global                              Global Defined In Module
      -----  --------------------------------   ------------------------
ASxxxx Linker V03.00 + NoICE + sdld,  page 18.
Hexadecimal  [32-Bits]

Area                                    Addr        Size        Decimal Bytes (Attributes)
--------------------------------        ----        ----        ------- ----- ------------
CSEG                                00000062    000000D1 =         209. bytes (REL,CON,CODE)

      Value  Global                              Global Defined In Module
      -----  --------------------------------   ------------------------
C:   00000062  _delay                             main
C:   000000A1  _main                              main
C:   000000C1  __mullong                          _mullong
C:   000000C1  __mullong_dummy                    _mullong
C:   0000012F  __sdcc_external_startup            _startup

ASxxxx Linker V03.00 + NoICE + sdld,  page 19.

Files Linked                              [ module(s) ]

./build/main.rel                          [  ]


Libraries Linked                          [ object file ]

/opt/homebrew/bin/../share/sdcc/lib/small/mcs51.lib
                                          [ crtclear.rel ]
/opt/homebrew/bin/../share/sdcc/lib/small/mcs51.lib
                                          [ crtxinit.rel ]
/opt/homebrew/bin/../share/sdcc/lib/small/liblong.lib
                                          [ _mullong.rel ]
/opt/homebrew/bin/../share/sdcc/lib/small/mcs51.lib
                                          [ crtxclear.rel ]
/opt/homebrew/bin/../share/sdcc/lib/small/mcs51.lib
                                          [ crtpagesfr.rel ]
/opt/homebrew/bin/../share/sdcc/lib/small/mcs51.lib
                                          [ crtstart.rel ]
/opt/homebrew/bin/../share/sdcc/lib/small/libsdcc.lib
                                          [ _startup.rel ]

ASxxxx Linker V03.00 + NoICE + sdld,  page 20.

User Base Address Definitions

HOME = 0x0000
XSEG = 0x0001
PSEG = 0x0001
ISEG = 0x0000
BSEG = 0x0000

